[
  {
    "Action": {
      "Type": "Move",
      "Direction": 7,
      "Population": 100
    },
    "State": [
      {
        "Value": "Collectable,Food,3,1,3"
      },
      {
        "Value": "Collectable,Iron,3,3,4"
      },
      {
        "Value": "Collectable,Food,3,4,1"
      },
      {
        "Value": "Collectable,Food,1,4,4"
      }
    ]
  },
  {
    "Action": {
      "Type": "Move",
      "Direction": 4,
      "Population": 100
    },
    "State": [
      {
        "Value": "Collectable,Food,8,2,4"
      },
      {
        "Value": "Collectable,Iron,3,4,3"
      }
    ]
  },
  {
    "Action": {
      "Type": "Move",
      "Direction": 6,
      "Population": 97
    },
    "State": [
      {
        "Value": "Collectable,Iron,3,3,4"
      },
      {
        "Value": "Collectable,Food,3,4,1"
      },
      {
        "Value": "Collectable,Food,1,4,4"
      }
    ]
  },
  {
    "Action": {
      "Type": "Move",
      "Direction": 6,
      "Population": 94
    },
    "State": [
      {
        "Value": "Collectable,Food,8,0,4"
      },
      {
        "Value": "Collectable,Iron,3,2,3"
      },
      {
        "Value": "Collectable,Food,3,3,0"
      },
      {
        "Value": "Collectable,Food,1,3,3"
      },
      {
        "Value": "Collectable,Wood,9,3,4"
      },
      {
        "Value": "Enemy,RandomW,100,4,3"
      }
    ]
  },
  {
    "Action": {
      "Type": "Attack",
      "Population": 92,
      "Target": "RandomW,97"
    },
    "State": [
      {
        "Value": "Collectable,Iron,3,1,2"
      },
      {
        "Value": "Enemy,RandomW,97,2,1"
      },
      {
        "Value": "Collectable,Wood,9,2,3"
      }
    ]
  },
  {
    "Action": {
      "Type": "Move",
      "Direction": 4,
      "Population": 112
    },
    "State": [
      {
        "Value": "Collectable,Iron,3,1,2"
      },
      {
        "Value": "Collectable,Wood,9,2,3"
      },
      {
        "Value": "Enemy,RandomW,74,3,0"
      }
    ]
  },
  {
    "Action": {
      "Type": "Move",
      "Direction": 0,
      "Population": 109
    },
    "State": [
      {
        "Value": "Collectable,Iron,3,0,3"
      },
      {
        "Value": "Collectable,Food,3,1,0"
      },
      {
        "Value": "Collectable,Wood,9,1,4"
      },
      {
        "Value": "Enemy,RandomW,71,2,0"
      },
      {
        "Value": "Collectable,Iron,3,3,0"
      },
      {
        "Value": "Collectable,Wood,4,4,2"
      },
      {
        "Value": "Collectable,Food,2,4,3"
      }
    ]
  },
  {
    "Action": {
      "Type": "Attack",
      "Population": 106,
      "Target": "RandomW,71"
    },
    "State": [
      {
        "Value": "Collectable,Iron,3,0,4"
      },
      {
        "Value": "Enemy,RandomW,71,1,1"
      },
      {
        "Value": "Collectable,Wood,3,2,0"
      },
      {
        "Value": "Collectable,Iron,3,3,1"
      },
      {
        "Value": "Collectable,Wood,4,4,3"
      },
      {
        "Value": "Collectable,Food,2,4,4"
      }
    ]
  },
  {
    "Action": {
      "Type": "Attack",
      "Population": 86,
      "Target": "RandomW,90"
    },
    "State": [
      {
        "Value": "Collectable,Iron,3,0,4"
      },
      {
        "Value": "Enemy,RandomW,90,1,1"
      },
      {
        "Value": "Collectable,Wood,3,2,0"
      },
      {
        "Value": "Collectable,Iron,3,3,1"
      },
      {
        "Value": "Collectable,Wood,4,4,3"
      },
      {
        "Value": "Collectable,Food,2,4,4"
      }
    ]
  },
  {
    "Action": {
      "Type": "Move",
      "Direction": 4,
      "Population": 106
    },
    "State": [
      {
        "Value": "Enemy,RandomW,67,0,1"
      },
      {
        "Value": "Collectable,Iron,3,0,4"
      },
      {
        "Value": "Collectable,Wood,3,2,0"
      },
      {
        "Value": "Collectable,Iron,3,3,1"
      },
      {
        "Value": "Enemy,SmrtAggr,99,4,0"
      },
      {
        "Value": "Collectable,Wood,4,4,3"
      },
      {
        "Value": "Collectable,Food,2,4,4"
      }
    ]
  },
  {
    "Action": {
      "Type": "Move",
      "Direction": 4,
      "Population": 103
    },
    "State": [
      {
        "Value": "Collectable,Wood,3,1,1"
      },
      {
        "Value": "Collectable,Wood,4,3,4"
      },
      {
        "Value": "Enemy,SmrtAggr,96,4,1"
      },
      {
        "Value": "Collectable,Food,6,4,3"
      }
    ]
  },
  {
    "Action": {
      "Type": "Move",
      "Direction": 2,
      "Population": 100
    },
    "State": [
      {
        "Value": "Collectable,Wood,3,0,2"
      },
      {
        "Value": "Collectable,Wood,5,1,0"
      },
      {
        "Value": "Collectable,Food,6,3,4"
      },
      {
        "Value": "Enemy,SmrtAggr,93,4,2"
      }
    ]
  },
  {
    "Action": {
      "Type": "Attack",
      "Population": 97,
      "Target": "SmrtAggr,92"
    },
    "State": [
      {
        "Value": "Collectable,Wood,5,0,0"
      },
      {
        "Value": "Collectable,Food,6,2,4"
      },
      {
        "Value": "Enemy,SmrtAggr,92,3,2"
      },
      {
        "Value": "Collectable,Iron,8,4,2"
      }
    ]
  },
  {
    "Action": {
      "Type": "Attack",
      "Population": 117,
      "Target": "SmrtAggr,69"
    },
    "State": [
      {
        "Value": "Collectable,Wood,5,0,0"
      },
      {
        "Value": "Enemy,SmrtAggr,69,2,3"
      },
      {
        "Value": "Collectable,Food,6,2,4"
      },
      {
        "Value": "Collectable,Iron,8,4,2"
      }
    ]
  },
  {
    "Action": {
      "Type": "Attack",
      "Population": 137,
      "Target": "SmrtAggr,46"
    },
    "State": [
      {
        "Value": "Collectable,Wood,5,0,0"
      },
      {
        "Value": "Enemy,SmrtAggr,46,1,2"
      },
      {
        "Value": "Collectable,Food,6,2,4"
      },
      {
        "Value": "Collectable,Iron,8,4,2"
      }
    ]
  },
  {
    "Action": {
      "Type": "Move",
      "Direction": 3,
      "Population": 157
    },
    "State": [
      {
        "Value": "Collectable,Wood,5,0,0"
      },
      {
        "Value": "Enemy,SmrtAggr,23,0,2"
      },
      {
        "Value": "Collectable,Food,6,2,4"
      },
      {
        "Value": "Collectable,Iron,8,4,2"
      }
    ]
  },
  {
    "Action": {
      "Type": "Move",
      "Direction": 5,
      "Population": 154
    },
    "State": [
      {
        "Value": "Enemy,SmrtAggr,20,0,1"
      },
      {
        "Value": "Collectable,Wood,3,0,2"
      },
      {
        "Value": "Collectable,Wood,5,1,0"
      },
      {
        "Value": "Collectable,Food,6,3,4"
      }
    ]
  },
  {
    "Action": {
      "Type": "Attack",
      "Population": 151,
      "Target": "SmrtAggr,17"
    },
    "State": [
      {
        "Value": "Collectable,Food,6,1,0"
      },
      {
        "Value": "Enemy,SmrtAggr,17,1,3"
      },
      {
        "Value": "Collectable,Wood,5,2,1"
      }
    ]
  },
  {
    "Action": {
      "Type": "Move",
      "Direction": 6,
      "Population": 171
    },
    "State": [
      {
        "Value": "Collectable,Food,6,1,0"
      },
      {
        "Value": "Collectable,Wood,5,2,1"
      }
    ]
  },
  {
    "Action": {
      "Type": "Move",
      "Direction": 2,
      "Population": 168
    },
    "State": [
      {
        "Value": "Collectable,Wood,5,1,0"
      },
      {
        "Value": "Collectable,Food,6,3,4"
      }
    ]
  },
  {
    "Action": {
      "Type": "Move",
      "Direction": 5,
      "Population": 165
    },
    "State": [
      {
        "Value": "Collectable,Wood,5,0,0"
      },
      {
        "Value": "Collectable,Food,6,2,4"
      },
      {
        "Value": "Collectable,Iron,8,4,2"
      }
    ]
  },
  {
    "Action": {
      "Type": "Move",
      "Direction": 7,
      "Population": 162
    },
    "State": [
      {
        "Value": "Collectable,Food,6,0,0"
      },
      {
        "Value": "Collectable,Wood,5,1,1"
      }
    ]
  },
  {
    "Action": {
      "Type": "Move",
      "Direction": 4,
      "Population": 159
    },
    "State": [
      {
        "Value": "Collectable,Wood,5,2,0"
      },
      {
        "Value": "Collectable,Food,6,4,4"
      }
    ]
  },
  {
    "Action": {
      "Type": "Move",
      "Direction": 5,
      "Population": 156
    },
    "State": [
      {
        "Value": "Collectable,Food,6,0,0"
      },
      {
        "Value": "Collectable,Wood,5,1,1"
      }
    ]
  },
  {
    "Action": {
      "Type": "Move",
      "Direction": 2,
      "Population": 153
    },
    "State": [
      {
        "Value": "Collectable,Food,7,1,0"
      },
      {
        "Value": "Collectable,Food,6,1,1"
      },
      {
        "Value": "Collectable,Food,6,2,0"
      }
    ]
  },
  {
    "Action": {
      "Type": "Move",
      "Direction": 0,
      "Population": 150
    },
    "State": [
      {
        "Value": "Collectable,Food,7,0,0"
      },
      {
        "Value": "Collectable,Food,6,0,1"
      },
      {
        "Value": "Collectable,Food,6,1,0"
      }
    ]
  },
  {
    "Action": {
      "Type": "Move",
      "Direction": 4,
      "Population": 147
    },
    "State": [
      {
        "Value": "Collectable,Food,7,0,1"
      },
      {
        "Value": "Collectable,Food,6,0,2"
      },
      {
        "Value": "Collectable,Food,6,1,1"
      }
    ]
  },
  {
    "Action": {
      "Type": "Move",
      "Direction": 3,
      "Population": 144
    },
    "State": [
      {
        "Value": "Collectable,Food,4,0,0"
      },
      {
        "Value": "Collectable,Food,6,0,2"
      },
      {
        "Value": "Collectable,Wood,8,2,0"
      }
    ]
  },
  {
    "Action": {
      "Type": "Move",
      "Direction": 4,
      "Population": 141
    },
    "State": [
      {
        "Value": "Collectable,Food,7,0,2"
      },
      {
        "Value": "Collectable,Food,6,0,3"
      },
      {
        "Value": "Collectable,Food,4,1,0"
      },
      {
        "Value": "Collectable,Food,6,1,2"
      },
      {
        "Value": "Collectable,Wood,8,3,0"
      }
    ]
  },
  {
    "Action": {
      "Type": "Move",
      "Direction": 6,
      "Population": 138
    },
    "State": [
      {
        "Value": "Collectable,Food,4,0,1"
      },
      {
        "Value": "Collectable,Food,6,0,3"
      },
      {
        "Value": "Collectable,Wood,8,2,1"
      },
      {
        "Value": "Collectable,Food,4,3,0"
      },
      {
        "Value": "Collectable,Food,6,4,0"
      }
    ]
  },
  {
    "Action": {
      "Type": "Move",
      "Direction": 7,
      "Population": 135
    },
    "State": [
      {
        "Value": "Collectable,Wood,8,1,0"
      },
      {
        "Value": "Collectable,Food,2,4,4"
      }
    ]
  },
  {
    "Action": {
      "Type": "Move",
      "Direction": 4,
      "Population": 132
    },
    "State": [
      {
        "Value": "Collectable,Food,6,0,1"
      }
    ]
  },
  {
    "Action": {
      "Type": "Move",
      "Direction": 5,
      "Population": 129
    },
    "State": [
      {
        "Value": "Collectable,Wood,8,1,0"
      },
      {
        "Value": "Collectable,Food,2,4,4"
      }
    ]
  },
  {
    "Action": {
      "Type": "Move",
      "Direction": 3,
      "Population": 126
    },
    "State": [
      {
        "Value": "Collectable,Food,4,0,1"
      },
      {
        "Value": "Collectable,Food,6,0,3"
      },
      {
        "Value": "Collectable,Wood,8,2,1"
      },
      {
        "Value": "Collectable,Food,4,3,0"
      },
      {
        "Value": "Collectable,Food,6,4,0"
      }
    ]
  },
  {
    "Action": {
      "Type": "Move",
      "Direction": 4,
      "Population": 123
    },
    "State": [
      {
        "Value": "Collectable,Wood,7,0,0"
      },
      {
        "Value": "Collectable,Food,7,0,3"
      },
      {
        "Value": "Collectable,Food,6,0,4"
      },
      {
        "Value": "Collectable,Food,4,1,1"
      },
      {
        "Value": "Collectable,Food,6,1,3"
      },
      {
        "Value": "Collectable,Wood,8,3,1"
      },
      {
        "Value": "Collectable,Food,4,4,0"
      }
    ]
  },
  {
    "Action": {
      "Type": "Move",
      "Direction": 5,
      "Population": 120
    },
    "State": [
      {
        "Value": "Collectable,Food,4,0,2"
      },
      {
        "Value": "Collectable,Food,6,0,4"
      },
      {
        "Value": "Collectable,Food,4,3,1"
      },
      {
        "Value": "Collectable,Food,5,4,0"
      },
      {
        "Value": "Collectable,Food,6,4,1"
      }
    ]
  },
  {
    "Action": {
      "Type": "Move",
      "Direction": 1,
      "Population": 117
    },
    "State": [
      {
        "Value": "Collectable,Iron,9,0,0"
      },
      {
        "Value": "Collectable,Wood,7,0,2"
      },
      {
        "Value": "Collectable,Food,4,1,3"
      },
      {
        "Value": "Collectable,Food,4,4,0"
      },
      {
        "Value": "Collectable,Food,4,4,2"
      }
    ]
  },
  {
    "Action": {
      "Type": "Move",
      "Direction": 3,
      "Population": 114
    },
    "State": [
      {
        "Value": "Collectable,Wood,7,0,1"
      },
      {
        "Value": "Collectable,Food,7,0,4"
      },
      {
        "Value": "Collectable,Food,4,1,2"
      },
      {
        "Value": "Collectable,Food,6,1,4"
      },
      {
        "Value": "Collectable,Food,4,4,1"
      }
    ]
  },
  {
    "Action": {
      "Type": "Move",
      "Direction": 2,
      "Population": 115
    },
    "State": [
      {
        "Value": "Collectable,Wood,8,0,2"
      },
      {
        "Value": "Collectable,Wood,7,1,1"
      },
      {
        "Value": "Collectable,Food,7,1,4"
      },
      {
        "Value": "Collectable,Food,6,2,4"
      }
    ]
  },
  {
    "Action": {
      "Type": "Move",
      "Direction": 7,
      "Population": 112
    },
    "State": [
      {
        "Value": "Collectable,Wood,7,0,1"
      },
      {
        "Value": "Collectable,Food,7,0,4"
      },
      {
        "Value": "Collectable,Food,6,1,4"
      },
      {
        "Value": "Collectable,Food,4,4,1"
      }
    ]
  },
  {
    "Action": {
      "Type": "Move",
      "Direction": 5,
      "Population": 109
    },
    "State": [
      {
        "Value": "Collectable,Wood,8,0,1"
      },
      {
        "Value": "Collectable,Wood,7,1,0"
      },
      {
        "Value": "Collectable,Food,7,1,3"
      },
      {
        "Value": "Collectable,Food,6,1,4"
      },
      {
        "Value": "Collectable,Food,6,2,3"
      }
    ]
  },
  {
    "Action": {
      "Type": "Move",
      "Direction": 7,
      "Population": 106
    },
    "State": [
      {
        "Value": "Collectable,Food,5,0,1"
      },
      {
        "Value": "Collectable,Food,5,0,3"
      },
      {
        "Value": "Collectable,Wood,8,1,2"
      },
      {
        "Value": "Collectable,Wood,7,2,1"
      },
      {
        "Value": "Collectable,Food,7,2,4"
      },
      {
        "Value": "Collectable,Food,6,3,4"
      }
    ]
  },
  {
    "Action": {
      "Type": "Move",
      "Direction": 7,
      "Population": 103
    },
    "State": [
      {
        "Value": "Collectable,Food,1,0,1"
      },
      {
        "Value": "Collectable,Food,5,1,0"
      },
      {
        "Value": "Collectable,Food,5,1,2"
      },
      {
        "Value": "Collectable,Wood,8,2,1"
      },
      {
        "Value": "Collectable,Wood,7,3,0"
      },
      {
        "Value": "Collectable,Food,7,3,3"
      },
      {
        "Value": "Collectable,Food,6,3,4"
      },
      {
        "Value": "Collectable,Food,6,4,3"
      }
    ]
  },
  {
    "Action": {
      "Type": "Move",
      "Direction": 2,
      "Population": 100
    },
    "State": [
      {
        "Value": "Collectable,Food,3,0,1"
      },
      {
        "Value": "Collectable,Food,8,0,2"
      },
      {
        "Value": "Collectable,Food,1,1,0"
      },
      {
        "Value": "Collectable,Wood,4,1,4"
      },
      {
        "Value": "Collectable,Food,5,2,1"
      },
      {
        "Value": "Collectable,Wood,8,3,0"
      },
      {
        "Value": "Collectable,Food,7,4,2"
      },
      {
        "Value": "Collectable,Food,6,4,3"
      }
    ]
  },
  {
    "Action": {
      "Type": "Move",
      "Direction": 0,
      "Population": 97
    },
    "State": [
      {
        "Value": "Collectable,Food,1,0,0"
      },
      {
        "Value": "Collectable,Wood,4,0,4"
      },
      {
        "Value": "Collectable,Food,5,1,1"
      },
      {
        "Value": "Collectable,Wood,8,2,0"
      },
      {
        "Value": "Collectable,Food,7,3,2"
      },
      {
        "Value": "Collectable,Food,6,3,3"
      },
      {
        "Value": "Collectable,Food,6,4,2"
      }
    ]
  },
  {
    "Action": {
      "Type": "Move",
      "Direction": 0,
      "Population": 94
    },
    "State": [
      {
        "Value": "Collectable,Food,1,0,1"
      },
      {
        "Value": "Collectable,Food,5,1,0"
      },
      {
        "Value": "Collectable,Food,5,1,2"
      },
      {
        "Value": "Collectable,Wood,8,2,1"
      },
      {
        "Value": "Collectable,Wood,7,3,0"
      },
      {
        "Value": "Collectable,Food,7,3,3"
      },
      {
        "Value": "Collectable,Food,6,3,4"
      },
      {
        "Value": "Collectable,Food,6,4,3"
      }
    ]
  },
  {
    "Action": {
      "Type": "Move",
      "Direction": 5,
      "Population": 91
    },
    "State": [
      {
        "Value": "Collectable,Food,1,0,2"
      },
      {
        "Value": "Collectable,Food,5,1,1"
      },
      {
        "Value": "Collectable,Food,5,1,3"
      },
      {
        "Value": "Collectable,Wood,7,3,1"
      },
      {
        "Value": "Collectable,Food,7,3,4"
      },
      {
        "Value": "Collectable,Food,6,4,4"
      }
    ]
  },
  {
    "Action": {
      "Type": "Move",
      "Direction": 3,
      "Population": 93
    },
    "State": [
      {
        "Value": "Collectable,Wood,8,0,0"
      },
      {
        "Value": "Collectable,Food,3,0,4"
      },
      {
        "Value": "Collectable,Food,1,1,0"
      },
      {
        "Value": "Collectable,Food,1,1,3"
      },
      {
        "Value": "Collectable,Food,5,2,4"
      },
      {
        "Value": "Collectable,Wood,5,3,0"
      },
      {
        "Value": "Collectable,Iron,9,4,0"
      },
      {
        "Value": "Collectable,Wood,7,4,2"
      }
    ]
  },
  {
    "Action": {
      "Type": "Move",
      "Direction": 2,
      "Population": 90
    },
    "State": [
      {
        "Value": "Collectable,Wood,8,1,0"
      },
      {
        "Value": "Collectable,Food,3,1,4"
      },
      {
        "Value": "Collectable,Food,1,2,0"
      },
      {
        "Value": "Collectable,Food,1,2,3"
      },
      {
        "Value": "Collectable,Food,5,3,4"
      },
      {
        "Value": "Collectable,Wood,5,4,0"
      }
    ]
  },
  {
    "Action": {
      "Type": "Move",
      "Direction": 7,
      "Population": 87
    },
    "State": [
      {
        "Value": "Collectable,Wood,8,0,0"
      },
      {
        "Value": "Collectable,Food,3,0,4"
      },
      {
        "Value": "Collectable,Food,1,1,0"
      },
      {
        "Value": "Collectable,Food,1,1,3"
      },
      {
        "Value": "Collectable,Food,5,2,4"
      },
      {
        "Value": "Collectable,Wood,5,3,0"
      },
      {
        "Value": "Collectable,Iron,9,4,0"
      },
      {
        "Value": "Collectable,Wood,7,4,2"
      }
    ]
  },
  {
    "Action": {
      "Type": "Move",
      "Direction": 1,
      "Population": 85
    },
    "State": [
      {
        "Value": "Collectable,Food,3,1,3"
      },
      {
        "Value": "Collectable,Food,8,1,4"
      },
      {
        "Value": "Collectable,Food,5,3,3"
      }
    ]
  },
  {
    "Action": {
      "Type": "Move",
      "Direction": 4,
      "Population": 82
    },
    "State": [
      {
        "Value": "Collectable,Food,3,1,2"
      },
      {
        "Value": "Collectable,Food,8,1,3"
      },
      {
        "Value": "Collectable,Food,5,3,2"
      }
    ]
  },
  {
    "Action": {
      "Type": "Move",
      "Direction": 0,
      "Population": 79
    },
    "State": [
      {
        "Value": "Collectable,Food,3,0,3"
      },
      {
        "Value": "Collectable,Food,8,0,4"
      },
      {
        "Value": "Collectable,Food,5,2,3"
      },
      {
        "Value": "Collectable,Wood,7,4,1"
      },
      {
        "Value": "Collectable,Food,7,4,4"
      }
    ]
  },
  {
    "Action": {
      "Type": "Move",
      "Direction": 1,
      "Population": 76
    },
    "State": [
      {
        "Value": "Collectable,Wood,8,0,0"
      },
      {
        "Value": "Collectable,Food,3,0,4"
      },
      {
        "Value": "Collectable,Food,1,1,0"
      },
      {
        "Value": "Collectable,Food,5,2,4"
      },
      {
        "Value": "Collectable,Wood,5,3,0"
      },
      {
        "Value": "Collectable,Iron,9,4,0"
      },
      {
        "Value": "Collectable,Wood,7,4,2"
      }
    ]
  },
  {
    "Action": {
      "Type": "Move",
      "Direction": 4,
      "Population": 73
    },
    "State": [
      {
        "Value": "Collectable,Food,3,0,3"
      },
      {
        "Value": "Collectable,Food,8,0,4"
      },
      {
        "Value": "Collectable,Food,5,2,3"
      },
      {
        "Value": "Collectable,Wood,7,4,1"
      },
      {
        "Value": "Collectable,Food,7,4,4"
      }
    ]
  },
  {
    "Action": {
      "Type": "Move",
      "Direction": 2,
      "Population": 70
    },
    "State": [
      {
        "Value": "Collectable,Food,1,0,0"
      },
      {
        "Value": "Collectable,Food,5,1,4"
      },
      {
        "Value": "Collectable,Wood,5,2,0"
      },
      {
        "Value": "Collectable,Iron,9,3,0"
      },
      {
        "Value": "Collectable,Wood,7,3,2"
      }
    ]
  },
  {
    "Action": {
      "Type": "Move",
      "Direction": 7,
      "Population": 67
    },
    "State": [
      {
        "Value": "Collectable,Food,5,0,4"
      },
      {
        "Value": "Collectable,Wood,5,1,0"
      },
      {
        "Value": "Collectable,Iron,9,2,0"
      }
    ]
  },
  {
    "Action": {
      "Type": "Move",
      "Direction": 4,
      "Population": 64
    },
    "State": [
      {
        "Value": "Collectable,Food,5,1,3"
      },
      {
        "Value": "Collectable,Food,7,3,4"
      },
      {
        "Value": "Collectable,Food,6,4,4"
      }
    ]
  },
  {
    "Action": {
      "Type": "Move",
      "Direction": 4,
      "Population": 61
    },
    "State": [
      {
        "Value": "Collectable,Food,5,0,4"
      },
      {
        "Value": "Collectable,Wood,5,1,0"
      },
      {
        "Value": "Collectable,Iron,9,2,0"
      }
    ]
  },
  {
    "Action": {
      "Type": "Move",
      "Direction": 0,
      "Population": 58
    },
    "State": [
      {
        "Value": "Collectable,Wood,5,0,1"
      },
      {
        "Value": "Collectable,Iron,9,1,1"
      },
      {
        "Value": "Collectable,Food,5,4,0"
      }
    ]
  },
  {
    "Action": {
      "Type": "Move",
      "Direction": 0,
      "Population": 55
    },
    "State": [
      {
        "Value": "Collectable,Food,7,0,0"
      },
      {
        "Value": "Collectable,Wood,5,0,2"
      },
      {
        "Value": "Collectable,Iron,9,1,2"
      },
      {
        "Value": "Collectable,Food,4,3,0"
      },
      {
        "Value": "Collectable,Food,5,4,1"
      }
    ]
  },
  {
    "Action": {
      "Type": "Move",
      "Direction": 7,
      "Population": 52
    },
    "State": [
      {
        "Value": "Collectable,Wood,9,0,0"
      },
      {
        "Value": "Collectable,Food,7,0,1"
      },
      {
        "Value": "Collectable,Wood,5,0,3"
      },
      {
        "Value": "Collectable,Food,4,1,0"
      },
      {
        "Value": "Collectable,Iron,9,1,3"
      },
      {
        "Value": "Collectable,Wood,9,2,0"
      },
      {
        "Value": "Collectable,Food,4,3,1"
      },
      {
        "Value": "Collectable,Food,5,4,2"
      }
    ]
  },
  {
    "Action": {
      "Type": "Move",
      "Direction": 7,
      "Population": 49
    },
    "State": [
      {
        "Value": "Collectable,Food,5,0,0"
      },
      {
        "Value": "Collectable,Food,7,1,0"
      },
      {
        "Value": "Collectable,Wood,5,1,2"
      },
      {
        "Value": "Collectable,Food,4,4,0"
      }
    ]
  },
  {
    "Action": {
      "Type": "Move",
      "Direction": 2,
      "Population": 46
    },
    "State": [
      {
        "Value": "Collectable,Food,8,0,0"
      },
      {
        "Value": "Collectable,Food,1,0,1"
      },
      {
        "Value": "Collectable,Wood,5,2,1"
      }
    ]
  },
  {
    "Action": {
      "Type": "Move",
      "Direction": 3,
      "Population": 43
    },
    "State": [
      {
        "Value": "Collectable,Wood,5,1,1"
      }
    ]
  },
  {
    "Action": {
      "Type": "Move",
      "Direction": 1,
      "Population": 40
    },
    "State": [
      {
        "Value": "Collectable,Food,8,0,0"
      },
      {
        "Value": "Collectable,Food,1,0,1"
      },
      {
        "Value": "Collectable,Wood,5,2,1"
      }
    ]
  },
  {
    "Action": {
      "Type": "Move",
      "Direction": 3,
      "Population": 37
    },
    "State": [
      {
        "Value": "Collectable,Food,1,0,0"
      },
      {
        "Value": "Collectable,Food,5,1,4"
      },
      {
        "Value": "Collectable,Wood,5,2,0"
      }
    ]
  },
  {
    "Action": {
      "Type": "Move",
      "Direction": 0,
      "Population": 34
    },
    "State": [
      {
        "Value": "Collectable,Wood,8,0,0"
      },
      {
        "Value": "Collectable,Food,3,0,4"
      },
      {
        "Value": "Collectable,Food,1,1,0"
      },
      {
        "Value": "Collectable,Food,5,2,4"
      },
      {
        "Value": "Collectable,Wood,5,3,0"
      }
    ]
  },
  {
    "Action": {
      "Type": "Move",
      "Direction": 4,
      "Population": 31
    },
    "State": [
      {
        "Value": "Collectable,Wood,8,0,1"
      },
      {
        "Value": "Collectable,Food,8,1,0"
      },
      {
        "Value": "Collectable,Food,1,1,1"
      },
      {
        "Value": "Collectable,Wood,5,3,1"
      }
    ]
  }
]