[
  {
    "Action": {
      "Type": "Move",
      "Direction": 2,
      "Population": 100
    },
    "State": []
  },
  {
    "Action": {
      "Type": "Move",
      "Direction": 5,
      "Population": 97
    },
    "State": []
  },
  {
    "Action": {
      "Type": "Move",
      "Direction": 0,
      "Population": 96
    },
    "State": []
  },
  {
    "Action": {
      "Type": "Move",
      "Direction": 2,
      "Population": 95
    },
    "State": []
  },
  {
    "Action": {
      "Type": "Move",
      "Direction": 2,
      "Population": 92
    },
    "State": [
      {
        "Value": "Blocking,Wall,4,4"
      }
    ]
  },
  {
    "Action": {
      "Type": "Move",
      "Direction": 6,
      "Population": 89
    },
    "State": [
      {
        "Value": "Blocking,Wall,3,4"
      },
      {
        "Value": "Blocking,Wall,4,4"
      }
    ]
  },
  {
    "Action": {
      "Type": "Move",
      "Direction": 1,
      "Population": 86
    },
    "State": [
      {
        "Value": "Blocking,Wall,2,3"
      },
      {
        "Value": "Blocking,Wall,2,4"
      },
      {
        "Value": "Blocking,Wall,3,3"
      },
      {
        "Value": "Collectable,Iron,1,3,4"
      },
      {
        "Value": "Blocking,Wall,4,3"
      },
      {
        "Value": "Collectable,Food,5,4,4"
      }
    ]
  },
  {
    "Action": {
      "Type": "Move",
      "Direction": 7,
      "Population": 85
    },
    "State": [
      {
        "Value": "Blocking,Wall,2,3"
      },
      {
        "Value": "Blocking,Wall,2,4"
      },
      {
        "Value": "Blocking,Wall,3,3"
      },
      {
        "Value": "Collectable,Iron,1,3,4"
      },
      {
        "Value": "Blocking,Wall,4,3"
      },
      {
        "Value": "Collectable,Food,5,4,4"
      }
    ]
  },
  {
    "Action": {
      "Type": "Move",
      "Direction": 5,
      "Population": 82
    },
    "State": [
      {
        "Value": "Collectable,Wood,4,0,4"
      },
      {
        "Value": "Blocking,Wall,3,2"
      },
      {
        "Value": "Blocking,Wall,3,3"
      },
      {
        "Value": "Blocking,Wall,3,4"
      },
      {
        "Value": "Blocking,Wall,4,2"
      },
      {
        "Value": "Collectable,Iron,1,4,3"
      }
    ]
  },
  {
    "Action": {
      "Type": "Hold",
      "Population": 79
    },
    "State": [
      {
        "Value": "Blocking,Wall,4,3"
      },
      {
        "Value": "Blocking,Wall,4,4"
      }
    ]
  },
  {
    "Action": {
      "Type": "Move",
      "Direction": 4,
      "Population": 78
    },
    "State": [
      {
        "Value": "Blocking,Wall,4,3"
      },
      {
        "Value": "Blocking,Wall,4,4"
      }
    ]
  },
  {
    "Action": {
      "Type": "Move",
      "Direction": 6,
      "Population": 75
    },
    "State": [
      {
        "Value": "Blocking,Wall,3,4"
      },
      {
        "Value": "Blocking,Wall,4,4"
      }
    ]
  },
  {
    "Action": {
      "Type": "Move",
      "Direction": 6,
      "Population": 72
    },
    "State": [
      {
        "Value": "Blocking,Wall,2,3"
      },
      {
        "Value": "Blocking,Wall,2,4"
      },
      {
        "Value": "Blocking,Wall,3,3"
      },
      {
        "Value": "Collectable,Iron,1,3,4"
      },
      {
        "Value": "Blocking,Wall,4,3"
      },
      {
        "Value": "Collectable,Food,5,4,4"
      }
    ]
  },
  {
    "Action": {
      "Type": "Move",
      "Direction": 3,
      "Population": 71
    },
    "State": [
      {
        "Value": "Blocking,Wall,2,3"
      },
      {
        "Value": "Blocking,Wall,2,4"
      },
      {
        "Value": "Blocking,Wall,3,3"
      },
      {
        "Value": "Collectable,Iron,1,3,4"
      },
      {
        "Value": "Blocking,Wall,4,3"
      },
      {
        "Value": "Collectable,Food,5,4,4"
      }
    ]
  },
  {
    "Action": {
      "Type": "Move",
      "Direction": 3,
      "Population": 68
    },
    "State": [
      {
        "Value": "Blocking,Wall,3,3"
      },
      {
        "Value": "Blocking,Wall,3,4"
      },
      {
        "Value": "Blocking,Wall,4,3"
      },
      {
        "Value": "Collectable,Iron,1,4,4"
      }
    ]
  },
  {
    "Action": {
      "Type": "Hold",
      "Population": 65
    },
    "State": [
      {
        "Value": "Blocking,Wall,4,3"
      },
      {
        "Value": "Blocking,Wall,4,4"
      }
    ]
  },
  {
    "Action": {
      "Type": "Move",
      "Direction": 5,
      "Population": 64
    },
    "State": [
      {
        "Value": "Blocking,Wall,4,3"
      },
      {
        "Value": "Blocking,Wall,4,4"
      }
    ]
  },
  {
    "Action": {
      "Type": "Move",
      "Direction": 0,
      "Population": 61
    },
    "State": []
  },
  {
    "Action": {
      "Type": "Hold",
      "Population": 60
    },
    "State": []
  },
  {
    "Action": {
      "Type": "Move",
      "Direction": 0,
      "Population": 59
    },
    "State": []
  },
  {
    "Action": {
      "Type": "Move",
      "Direction": 3,
      "Population": 58
    },
    "State": []
  },
  {
    "Action": {
      "Type": "Move",
      "Direction": 4,
      "Population": 55
    },
    "State": []
  },
  {
    "Action": {
      "Type": "Move",
      "Direction": 3,
      "Population": 54
    },
    "State": []
  },
  {
    "Action": {
      "Type": "Move",
      "Direction": 5,
      "Population": 53
    },
    "State": []
  },
  {
    "Action": {
      "Type": "Move",
      "Direction": 0,
      "Population": 52
    },
    "State": []
  },
  {
    "Action": {
      "Type": "Move",
      "Direction": 7,
      "Population": 51
    },
    "State": []
  },
  {
    "Action": {
      "Type": "Move",
      "Direction": 1,
      "Population": 50
    },
    "State": []
  },
  {
    "Action": {
      "Type": "Move",
      "Direction": 5,
      "Population": 47
    },
    "State": []
  },
  {
    "Action": {
      "Type": "Move",
      "Direction": 2,
      "Population": 46
    },
    "State": []
  },
  {
    "Action": {
      "Type": "Move",
      "Direction": 1,
      "Population": 43
    },
    "State": []
  },
  {
    "Action": {
      "Type": "Hold",
      "Population": 40
    },
    "State": [
      {
        "Value": "Collectable,Wood,4,2,4"
      }
    ]
  },
  {
    "Action": {
      "Type": "Hold",
      "Population": 39
    },
    "State": [
      {
        "Value": "Collectable,Wood,4,2,4"
      }
    ]
  },
  {
    "Action": {
      "Type": "Move",
      "Direction": 0,
      "Population": 38
    },
    "State": [
      {
        "Value": "Collectable,Wood,4,2,4"
      }
    ]
  },
  {
    "Action": {
      "Type": "Move",
      "Direction": 2,
      "Population": 35
    },
    "State": []
  },
  {
    "Action": {
      "Type": "Move",
      "Direction": 4,
      "Population": 32
    },
    "State": [
      {
        "Value": "Blocking,Wall,4,3"
      },
      {
        "Value": "Blocking,Wall,4,4"
      }
    ]
  },
  {
    "Action": {
      "Type": "Move",
      "Direction": 7,
      "Population": 29
    },
    "State": [
      {
        "Value": "Blocking,Wall,3,4"
      },
      {
        "Value": "Blocking,Wall,4,4"
      }
    ]
  },
  {
    "Action": {
      "Type": "Move",
      "Direction": 2,
      "Population": 26
    },
    "State": [
      {
        "Value": "Blocking,Wall,4,3"
      },
      {
        "Value": "Blocking,Wall,4,4"
      }
    ]
  },
  {
    "Action": {
      "Type": "Move",
      "Direction": 0,
      "Population": 23
    },
    "State": [
      {
        "Value": "Blocking,Wall,3,3"
      },
      {
        "Value": "Blocking,Wall,3,4"
      },
      {
        "Value": "Blocking,Wall,4,3"
      },
      {
        "Value": "Collectable,Iron,1,4,4"
      }
    ]
  },
  {
    "Action": {
      "Type": "Move",
      "Direction": 2,
      "Population": 20
    },
    "State": [
      {
        "Value": "Blocking,Wall,3,4"
      },
      {
        "Value": "Blocking,Wall,4,4"
      }
    ]
  },
  {
    "Action": {
      "Type": "Move",
      "Direction": 2,
      "Population": 17
    },
    "State": [
      {
        "Value": "Blocking,Wall,2,4"
      },
      {
        "Value": "Blocking,Wall,3,4"
      },
      {
        "Value": "Blocking,Wall,4,4"
      }
    ]
  },
  {
    "Action": {
      "Type": "Move",
      "Direction": 5,
      "Population": 14
    },
    "State": [
      {
        "Value": "Blocking,Wall,1,4"
      },
      {
        "Value": "Blocking,Wall,2,4"
      },
      {
        "Value": "Blocking,Wall,3,4"
      },
      {
        "Value": "Blocking,Wall,4,4"
      }
    ]
  }
]