[
  {
    "Action": {
      "Type": "Move",
      "Direction": 1,
      "Population": 100
    },
    "State": [
      {
        "Value": "Collectable,Food,7,0,1"
      },
      {
        "Value": "Collectable,Food,6,0,2"
      },
      {
        "Value": "Collectable,Food,6,1,1"
      },
      {
        "Value": "Collectable,Wood,5,1,3"
      },
      {
        "Value": "Collectable,Food,8,2,4"
      },
      {
        "Value": "Collectable,Food,2,3,4"
      }
    ]
  },
  {
    "Action": {
      "Type": "Move",
      "Direction": 1,
      "Population": 97
    },
    "State": [
      {
        "Value": "Collectable,Food,7,0,0"
      },
      {
        "Value": "Collectable,Food,6,0,1"
      },
      {
        "Value": "Collectable,Wood,3,0,4"
      },
      {
        "Value": "Collectable,Food,6,1,0"
      },
      {
        "Value": "Collectable,Wood,5,1,2"
      },
      {
        "Value": "Collectable,Food,8,2,3"
      },
      {
        "Value": "Collectable,Food,2,3,3"
      }
    ]
  },
  {
    "Action": {
      "Type": "Move",
      "Direction": 6,
      "Population": 102
    },
    "State": [
      {
        "Value": "Collectable,Food,6,0,0"
      },
      {
        "Value": "Collectable,Wood,3,0,3"
      },
      {
        "Value": "Collectable,Wood,5,1,1"
      },
      {
        "Value": "Collectable,Iron,3,1,4"
      },
      {
        "Value": "Collectable,Food,2,3,2"
      },
      {
        "Value": "Collectable,Food,8,3,4"
      }
    ]
  },
  {
    "Action": {
      "Type": "Move",
      "Direction": 1,
      "Population": 99
    },
    "State": [
      {
        "Value": "Collectable,Wood,5,0,0"
      },
      {
        "Value": "Collectable,Iron,3,0,3"
      },
      {
        "Value": "Collectable,Food,2,2,1"
      },
      {
        "Value": "Collectable,Food,8,2,3"
      },
      {
        "Value": "Collectable,Food,6,2,4"
      },
      {
        "Value": "Collectable,Food,8,4,1"
      },
      {
        "Value": "Collectable,Iron,8,4,2"
      }
    ]
  },
  {
    "Action": {
      "Type": "Move",
      "Direction": 7,
      "Population": 104
    },
    "State": [
      {
        "Value": "Collectable,Iron,3,0,2"
      },
      {
        "Value": "Enemy,RandomW,85,0,3"
      },
      {
        "Value": "Collectable,Food,2,2,0"
      },
      {
        "Value": "Collectable,Food,6,2,3"
      },
      {
        "Value": "Collectable,Food,8,4,0"
      },
      {
        "Value": "Collectable,Iron,8,4,1"
      },
      {
        "Value": "Collectable,Food,1,4,4"
      }
    ]
  },
  {
    "Action": {
      "Type": "Attack",
      "Population": 101,
      "Target": "RandomW,82"
    },
    "State": [
      {
        "Value": "Collectable,Wood,3,0,0"
      },
      {
        "Value": "Enemy,RandomW,82,1,1"
      },
      {
        "Value": "Collectable,Food,2,2,4"
      },
      {
        "Value": "Collectable,Food,6,3,2"
      },
      {
        "Value": "Collectable,Food,1,4,4"
      }
    ]
  },
  {
    "Action": {
      "Type": "Attack",
      "Population": 121,
      "Target": "RandomW,59"
    },
    "State": [
      {
        "Value": "Collectable,Wood,3,0,0"
      },
      {
        "Value": "Enemy,RandomW,59,2,1"
      },
      {
        "Value": "Collectable,Food,2,2,4"
      },
      {
        "Value": "Collectable,Food,6,3,2"
      },
      {
        "Value": "Collectable,Food,1,4,4"
      }
    ]
  },
  {
    "Action": {
      "Type": "Attack",
      "Population": 141,
      "Target": "RandomW,42"
    },
    "State": [
      {
        "Value": "Collectable,Wood,3,0,0"
      },
      {
        "Value": "Collectable,Food,2,2,4"
      },
      {
        "Value": "Enemy,RandomW,42,3,2"
      },
      {
        "Value": "Collectable,Food,1,4,4"
      }
    ]
  },
  {
    "Action": {
      "Type": "Move",
      "Direction": 2,
      "Population": 161
    },
    "State": [
      {
        "Value": "Collectable,Wood,3,0,0"
      },
      {
        "Value": "Collectable,Food,2,2,4"
      },
      {
        "Value": "Enemy,RandomW,19,4,2"
      },
      {
        "Value": "Collectable,Food,1,4,4"
      }
    ]
  },
  {
    "Action": {
      "Type": "Move",
      "Direction": 6,
      "Population": 158
    },
    "State": [
      {
        "Value": "Collectable,Food,2,1,4"
      },
      {
        "Value": "Collectable,Food,1,3,4"
      },
      {
        "Value": "Collectable,Iron,8,4,0"
      },
      {
        "Value": "Enemy,RandomW,17,4,3"
      }
    ]
  },
  {
    "Action": {
      "Type": "Attack",
      "Population": 155,
      "Target": "RandomW,16"
    },
    "State": [
      {
        "Value": "Collectable,Food,2,0,3"
      },
      {
        "Value": "Collectable,Food,7,1,4"
      },
      {
        "Value": "Collectable,Food,1,2,3"
      },
      {
        "Value": "Enemy,RandomW,16,3,2"
      },
      {
        "Value": "Collectable,Food,6,3,4"
      },
      {
        "Value": "Collectable,Food,9,4,3"
      }
    ]
  },
  {
    "Action": {
      "Type": "Move",
      "Direction": 6,
      "Population": 175
    },
    "State": [
      {
        "Value": "Collectable,Food,2,0,3"
      },
      {
        "Value": "Collectable,Food,7,1,4"
      },
      {
        "Value": "Collectable,Food,1,2,3"
      },
      {
        "Value": "Collectable,Food,6,3,4"
      },
      {
        "Value": "Collectable,Food,9,4,3"
      }
    ]
  },
  {
    "Action": {
      "Type": "Move",
      "Direction": 2,
      "Population": 172
    },
    "State": [
      {
        "Value": "Collectable,Food,7,0,3"
      },
      {
        "Value": "Collectable,Food,1,1,2"
      },
      {
        "Value": "Collectable,Food,6,2,3"
      },
      {
        "Value": "Collectable,Food,9,3,2"
      },
      {
        "Value": "Collectable,Iron,7,4,0"
      },
      {
        "Value": "Collectable,Wood,1,4,3"
      }
    ]
  },
  {
    "Action": {
      "Type": "Move",
      "Direction": 7,
      "Population": 178
    },
    "State": [
      {
        "Value": "Collectable,Food,1,0,2"
      },
      {
        "Value": "Collectable,Food,6,1,3"
      },
      {
        "Value": "Collectable,Iron,7,3,0"
      },
      {
        "Value": "Collectable,Wood,1,3,3"
      },
      {
        "Value": "Collectable,Wood,7,4,2"
      }
    ]
  },
  {
    "Action": {
      "Type": "Move",
      "Direction": 3,
      "Population": 181
    },
    "State": [
      {
        "Value": "Collectable,Food,7,0,2"
      },
      {
        "Value": "Collectable,Food,1,1,1"
      },
      {
        "Value": "Collectable,Wood,1,4,2"
      }
    ]
  },
  {
    "Action": {
      "Type": "Move",
      "Direction": 3,
      "Population": 178
    },
    "State": [
      {
        "Value": "Collectable,Food,2,0,1"
      },
      {
        "Value": "Collectable,Food,7,1,2"
      },
      {
        "Value": "Collectable,Food,1,2,1"
      }
    ]
  },
  {
    "Action": {
      "Type": "Move",
      "Direction": 5,
      "Population": 182
    },
    "State": [
      {
        "Value": "Collectable,Food,2,1,1"
      },
      {
        "Value": "Collectable,Food,1,3,1"
      }
    ]
  },
  {
    "Action": {
      "Type": "Attack",
      "Population": 181,
      "Target": "Aggr,57"
    },
    "State": [
      {
        "Value": "Collectable,Food,8,0,3"
      },
      {
        "Value": "Enemy,Aggr,57,1,2"
      },
      {
        "Value": "Collectable,Food,1,4,2"
      }
    ]
  },
  {
    "Action": {
      "Type": "Attack",
      "Population": 221,
      "Target": "Aggr,17"
    },
    "State": [
      {
        "Value": "Collectable,Food,8,0,3"
      },
      {
        "Value": "Enemy,Aggr,17,1,2"
      },
      {
        "Value": "Collectable,Food,1,4,2"
      }
    ]
  },
  {
    "Action": {
      "Type": "Move",
      "Direction": 7,
      "Population": 241
    },
    "State": [
      {
        "Value": "Collectable,Food,8,0,3"
      },
      {
        "Value": "Collectable,Food,1,4,2"
      }
    ]
  },
  {
    "Action": {
      "Type": "Move",
      "Direction": 3,
      "Population": 238
    },
    "State": [
      {
        "Value": "Collectable,Food,1,0,1"
      },
      {
        "Value": "Collectable,Food,8,1,2"
      }
    ]
  },
  {
    "Action": {
      "Type": "Move",
      "Direction": 5,
      "Population": 243
    },
    "State": [
      {
        "Value": "Collectable,Food,1,1,1"
      }
    ]
  },
  {
    "Action": {
      "Type": "Move",
      "Direction": 5,
      "Population": 241
    },
    "State": []
  },
  {
    "Action": {
      "Type": "Move",
      "Direction": 7,
      "Population": 238
    },
    "State": [
      {
        "Value": "Collectable,Food,8,0,4"
      },
      {
        "Value": "Collectable,Food,3,3,0"
      }
    ]
  },
  {
    "Action": {
      "Type": "Move",
      "Direction": 7,
      "Population": 235
    },
    "State": [
      {
        "Value": "Collectable,Food,8,1,3"
      }
    ]
  },
  {
    "Action": {
      "Type": "Move",
      "Direction": 7,
      "Population": 240
    },
    "State": []
  },
  {
    "Action": {
      "Type": "Move",
      "Direction": 6,
      "Population": 239
    },
    "State": []
  },
  {
    "Action": {
      "Type": "Move",
      "Direction": 4,
      "Population": 238
    },
    "State": []
  },
  {
    "Action": {
      "Type": "Move",
      "Direction": 4,
      "Population": 235
    },
    "State": []
  },
  {
    "Action": {
      "Type": "Move",
      "Direction": 4,
      "Population": 232
    },
    "State": [
      {
        "Value": "Collectable,Food,3,3,0"
      }
    ]
  },
  {
    "Action": {
      "Type": "Move",
      "Direction": 0,
      "Population": 229
    },
    "State": [
      {
        "Value": "Collectable,Food,3,2,1"
      },
      {
        "Value": "Collectable,Wood,3,3,0"
      }
    ]
  },
  {
    "Action": {
      "Type": "Move",
      "Direction": 2,
      "Population": 229
    },
    "State": [
      {
        "Value": "Collectable,Wood,3,3,1"
      }
    ]
  },
  {
    "Action": {
      "Type": "Move",
      "Direction": 7,
      "Population": 226
    },
    "State": [
      {
        "Value": "Collectable,Wood,3,2,1"
      }
    ]
  },
  {
    "Action": {
      "Type": "Move",
      "Direction": 5,
      "Population": 223
    },
    "State": [
      {
        "Value": "Collectable,Wood,3,3,0"
      }
    ]
  },
  {
    "Action": {
      "Type": "Move",
      "Direction": 3,
      "Population": 220
    },
    "State": [
      {
        "Value": "Collectable,Wood,3,4,1"
      }
    ]
  },
  {
    "Action": {
      "Type": "Move",
      "Direction": 3,
      "Population": 217
    },
    "State": []
  },
  {
    "Action": {
      "Type": "Move",
      "Direction": 5,
      "Population": 214
    },
    "State": []
  },
  {
    "Action": {
      "Type": "Move",
      "Direction": 5,
      "Population": 213
    },
    "State": []
  },
  {
    "Action": {
      "Type": "Move",
      "Direction": 3,
      "Population": 212
    },
    "State": []
  },
  {
    "Action": {
      "Type": "Move",
      "Direction": 1,
      "Population": 211
    },
    "State": []
  },
  {
    "Action": {
      "Type": "Move",
      "Direction": 2,
      "Population": 208
    },
    "State": []
  },
  {
    "Action": {
      "Type": "Move",
      "Direction": 4,
      "Population": 205
    },
    "State": []
  },
  {
    "Action": {
      "Type": "Move",
      "Direction": 1,
      "Population": 202
    },
    "State": [
      {
        "Value": "Collectable,Wood,3,4,1"
      }
    ]
  },
  {
    "Action": {
      "Type": "Move",
      "Direction": 2,
      "Population": 199
    },
    "State": [
      {
        "Value": "Collectable,Wood,3,4,0"
      }
    ]
  },
  {
    "Action": {
      "Type": "Move",
      "Direction": 5,
      "Population": 196
    },
    "State": [
      {
        "Value": "Collectable,Wood,3,3,0"
      }
    ]
  },
  {
    "Action": {
      "Type": "Move",
      "Direction": 3,
      "Population": 193
    },
    "State": [
      {
        "Value": "Collectable,Wood,3,4,1"
      }
    ]
  },
  {
    "Action": {
      "Type": "Move",
      "Direction": 1,
      "Population": 190
    },
    "State": []
  },
  {
    "Action": {
      "Type": "Move",
      "Direction": 7,
      "Population": 187
    },
    "State": []
  },
  {
    "Action": {
      "Type": "Move",
      "Direction": 0,
      "Population": 184
    },
    "State": []
  },
  {
    "Action": {
      "Type": "Move",
      "Direction": 7,
      "Population": 181
    },
    "State": []
  },
  {
    "Action": {
      "Type": "Move",
      "Direction": 3,
      "Population": 180
    },
    "State": []
  },
  {
    "Action": {
      "Type": "Move",
      "Direction": 5,
      "Population": 179
    },
    "State": []
  },
  {
    "Action": {
      "Type": "Move",
      "Direction": 0,
      "Population": 178
    },
    "State": []
  },
  {
    "Action": {
      "Type": "Move",
      "Direction": 0,
      "Population": 175
    },
    "State": []
  },
  {
    "Action": {
      "Type": "Move",
      "Direction": 1,
      "Population": 172
    },
    "State": [
      {
        "Value": "Collectable,Wood,4,3,0"
      }
    ]
  },
  {
    "Action": {
      "Type": "Move",
      "Direction": 0,
      "Population": 169
    },
    "State": []
  },
  {
    "Action": {
      "Type": "Move",
      "Direction": 2,
      "Population": 166
    },
    "State": [
      {
        "Value": "Collectable,Wood,4,3,0"
      }
    ]
  },
  {
    "Action": {
      "Type": "Move",
      "Direction": 4,
      "Population": 163
    },
    "State": [
      {
        "Value": "Collectable,Wood,4,2,0"
      }
    ]
  },
  {
    "Action": {
      "Type": "Move",
      "Direction": 4,
      "Population": 160
    },
    "State": [
      {
        "Value": "Collectable,Wood,4,1,1"
      },
      {
        "Value": "Collectable,Food,6,4,0"
      },
      {
        "Value": "Collectable,Wood,3,4,3"
      }
    ]
  },
  {
    "Action": {
      "Type": "Move",
      "Direction": 4,
      "Population": 157
    },
    "State": [
      {
        "Value": "Collectable,Wood,4,0,2"
      },
      {
        "Value": "Collectable,Food,7,3,0"
      },
      {
        "Value": "Collectable,Food,6,3,1"
      },
      {
        "Value": "Collectable,Wood,3,3,4"
      },
      {
        "Value": "Collectable,Food,6,4,0"
      },
      {
        "Value": "Collectable,Wood,5,4,2"
      }
    ]
  },
  {
    "Action": {
      "Type": "Move",
      "Direction": 0,
      "Population": 160
    },
    "State": [
      {
        "Value": "Collectable,Food,5,0,0"
      },
      {
        "Value": "Collectable,Food,7,2,1"
      },
      {
        "Value": "Collectable,Food,6,3,1"
      },
      {
        "Value": "Collectable,Wood,5,3,3"
      }
    ]
  },
  {
    "Action": {
      "Type": "Move",
      "Direction": 2,
      "Population": 164
    },
    "State": [
      {
        "Value": "Collectable,Food,5,0,1"
      },
      {
        "Value": "Collectable,Wood,8,1,0"
      },
      {
        "Value": "Collectable,Food,4,3,0"
      },
      {
        "Value": "Collectable,Food,6,3,2"
      },
      {
        "Value": "Collectable,Wood,5,3,4"
      }
    ]
  },
  {
    "Action": {
      "Type": "Move",
      "Direction": 0,
      "Population": 167
    },
    "State": [
      {
        "Value": "Collectable,Wood,8,0,0"
      },
      {
        "Value": "Collectable,Food,4,2,0"
      },
      {
        "Value": "Collectable,Wood,5,2,4"
      },
      {
        "Value": "Collectable,Wood,8,4,0"
      }
    ]
  },
  {
    "Action": {
      "Type": "Move",
      "Direction": 0,
      "Population": 164
    },
    "State": [
      {
        "Value": "Collectable,Wood,8,0,1"
      },
      {
        "Value": "Collectable,Wood,7,1,0"
      },
      {
        "Value": "Collectable,Food,4,2,1"
      },
      {
        "Value": "Collectable,Wood,8,4,1"
      }
    ]
  },
  {
    "Action": {
      "Type": "Move",
      "Direction": 2,
      "Population": 165
    },
    "State": [
      {
        "Value": "Collectable,Wood,8,0,2"
      },
      {
        "Value": "Collectable,Wood,7,1,1"
      },
      {
        "Value": "Collectable,Wood,8,4,2"
      }
    ]
  },
  {
    "Action": {
      "Type": "Move",
      "Direction": 4,
      "Population": 162
    },
    "State": [
      {
        "Value": "Collectable,Wood,7,0,1"
      },
      {
        "Value": "Collectable,Wood,8,3,2"
      },
      {
        "Value": "Collectable,Food,4,4,1"
      }
    ]
  },
  {
    "Action": {
      "Type": "Move",
      "Direction": 2,
      "Population": 159
    },
    "State": [
      {
        "Value": "Collectable,Wood,8,2,3"
      },
      {
        "Value": "Collectable,Food,4,3,0"
      },
      {
        "Value": "Collectable,Food,4,3,2"
      },
      {
        "Value": "Collectable,Food,5,4,1"
      },
      {
        "Value": "Collectable,Food,6,4,2"
      }
    ]
  },
  {
    "Action": {
      "Type": "Move",
      "Direction": 2,
      "Population": 160
    },
    "State": [
      {
        "Value": "Collectable,Wood,8,1,3"
      },
      {
        "Value": "Collectable,Food,4,2,0"
      },
      {
        "Value": "Collectable,Food,5,3,1"
      },
      {
        "Value": "Collectable,Food,6,3,2"
      }
    ]
  }
]